
> smanka-school-profile@1.1.0 build
> next build

Ôû▓ Next.js 16.1.6 (Turbopack)
- Environments: .env
- Experiments (use with caution):
  ┬À cpus: 1

  Creating an optimized production build ...
node.exe : 
At line:1 char:1
+ & "C:\Program File
s\nodejs/node.exe" "
C:\Users\iktia\AppDa
ta\Roaming\ ...
+ ~~~~~~~~~~~~~~~~~~
~~~~~~~~~~~~~~~~~~~~
~~~~~~~~~~~~~~~~~~~~
~~~~~~~~~~~
    + CategoryInfo  
            : NotS  
  pecified: (:Str   
 ing) [], Remote    
Exception
    + FullyQualifie 
   dErrorId : Nati  
  veCommandError
 
> Build error occurr
ed
Error: Turbopack bui
ld failed with 1 err
ors:
./app/api/holiday/ro
ute.ts:2:1
Module not found: Ca
n't resolve '@/lib/d
ata_holiday'
[0m [90m 1 |[39m 
[36mimport[39m { 
[33mNextResponse[39
m } [36mfrom[39m 
[32m"next/server"[3
9m[33m;[39m
[31m[1m>[22m[39m
[90m 2 |[39m [36m
import[39m { getHol
idays } [36mfrom[3
9m [32m'@/lib/data_
holiday'[39m[33m;
[39m
 [90m   |[39m [31
m[1m^[22m[39m[31
m[1m^[22m[39m[31
m[1m^[22m[39m[31
m[1m^[22m[39m[31
m[1m^[22m[39m[31
m[1m^[22m[39m[31
m[1m^[22m[39m[31
m[1m^[22m[39m[31
m[1m^[22m[39m[31
m[1m^[22m[39m[31
m[1m^[22m[39m[31
m[1m^[22m[39m[31
m[1m^[22m[39m[31
m[1m^[22m[39m[31
m[1m^[22m[39m[31
m[1m^[22m[39m[31
m[1m^[22m[39m[31
m[1m^[22m[39m[31
m[1m^[22m[39m[31
m[1m^[22m[39m[31
m[1m^[22m[39m[31
m[1m^[22m[39m[31
m[1m^[22m[39m[31
m[1m^[22m[39m[31
m[1m^[22m[39m[31
m[1m^[22m[39m[31
m[1m^[22m[39m[31
m[1m^[22m[39m[31
m[1m^[22m[39m[31
m[1m^[22m[39m[31
m[1m^[22m[39m[31
m[1m^[22m[39m[31
m[1m^[22m[39m[31
m[1m^[22m[39m[31
m[1m^[22m[39m[31
m[1m^[22m[39m[31
m[1m^[22m[39m[31
m[1m^[22m[39m[31
m[1m^[22m[39m[31
m[1m^[22m[39m[31
m[1m^[22m[39m[31
m[1m^[22m[39m[31
m[1m^[22m[39m[31
m[1m^[22m[39m[31
m[1m^[22m[39m[31
m[1m^[22m[39m[31
m[1m^[22m[39m[31
m[1m^[22m[39m[31
m[1m^[22m[39m
 [90m 3 |[39m
 [90m 4 |[39m [36
mexport[39m [36mas
ync[39m [36mfuncti
on[39m [33mGET[39
m() {
 [90m 5 |[39m     
[36mtry[39m {[0m

Import map: aliased 
to relative './lib/d
ata_holiday' inside 
of [project]/


https://nextjs.org/d
ocs/messages/module-
not-found


    at <unknown> (./
app/api/holiday/rout
e.ts:2:1)
    at <unknown> (ht
tps://nextjs.org/doc
s/messages/module-no
t-found)
