
> smanka-school-profile@0.1.0 build
> next build

Ôû▓ Next.js 16.1.6 (Turbopack)
- Environments: .env

  Creating an optimized production build ...
node.exe : 
At line:1 char:1
+ & "C:\Program File
s\nodejs/node.exe" "
C:\Users\iktia\AppDa
ta\Roaming\ ...
+ ~~~~~~~~~~~~~~~~~~
~~~~~~~~~~~~~~~~~~~~
~~~~~~~~~~~~~~~~~~~~
~~~~~~~~~~~
    + CategoryInfo  
            : NotS  
  pecified: (:Str   
 ing) [], Remote    
Exception
    + FullyQualifie 
   dErrorId : Nati  
  veCommandError
 
> Build error occurr
ed
Error: Turbopack bui
ld failed with 18 er
rors:
./app/components/kes
iswaan/ekstrakurikul
er/Basket/page.tsx:1
:1
Module not found: Ca
n't resolve '@/compo
nents/template/templ
at_halaman'
[0m[31m[1m>[22m
[39m[90m 1 |[39m 
[36mimport[39m [33
mTemplatHalaman[39m
 [36mfrom[39m [32
m"@/components/templ
ate/templat_halaman"
[39m[33m;[39m
 [90m   |[39m [31
m[1m^[22m[39m[31
m[1m^[22m[39m[31
m[1m^[22m[39m[31
m[1m^[22m[39m[31
m[1m^[22m[39m[31
m[1m^[22m[39m[31
m[1m^[22m[39m[31
m[1m^[22m[39m[31
m[1m^[22m[39m[31
m[1m^[22m[39m[31
m[1m^[22m[39m[31
m[1m^[22m[39m[31
m[1m^[22m[39m[31
m[1m^[22m[39m[31
m[1m^[22m[39m[31
m[1m^[22m[39m[31
m[1m^[22m[39m[31
m[1m^[22m[39m[31
m[1m^[22m[39m[31
m[1m^[22m[39m[31
m[1m^[22m[39m[31
m[1m^[22m[39m[31
m[1m^[22m[39m[31
m[1m^[22m[39m[31
m[1m^[22m[39m[31
m[1m^[22m[39m[31
m[1m^[22m[39m[31
m[1m^[22m[39m[31
m[1m^[22m[39m[31
m[1m^[22m[39m[31
m[1m^[22m[39m[31
m[1m^[22m[39m[31
m[1m^[22m[39m[31
m[1m^[22m[39m[31
m[1m^[22m[39m[31
m[1m^[22m[39m[31
m[1m^[22m[39m[31
m[1m^[22m[39m[31
m[1m^[22m[39m[31
m[1m^[22m[39m[31
m[1m^[22m[39m[31
m[1m^[22m[39m[31
m[1m^[22m[39m[31
m[1m^[22m[39m[31
m[1m^[22m[39m[31
m[1m^[22m[39m[31
m[1m^[22m[39m[31
m[1m^[22m[39m[31
m[1m^[22m[39m[31
m[1m^[22m[39m[31
m[1m^[22m[39m[31
m[1m^[22m[39m[31
m[1m^[22m[39m[31
m[1m^[22m[39m[31
m[1m^[22m[39m[31
m[1m^[22m[39m[31
m[1m^[22m[39m[31
m[1m^[22m[39m[31
m[1m^[22m[39m[31
m[1m^[22m[39m[31
m[1m^[22m[39m[31
m[1m^[22m[39m[31
m[1m^[22m[39m[31
m[1m^[22m[39m[31
m[1m^[22m[39m[31
m[1m^[22m[39m[31
m[1m^[22m[39m
 [90m 2 |[39m
 [90m 3 |[39m [36
mexport[39m [36mde
fault[39m [36mfunc
tion[39m [33mBaske
tPage[39m() {
 [90m 4 |[39m     
[36mreturn[39m [3
3m<[39m[33mTemplat
Halaman[39m ekskulN
ame[33m=[39m[32m"
Basket"[39m basePat
h[33m=[39m[32m"/e
kskul/basket"[39m 
[33m/[39m[33m>[39
m[33m;[39m[0m

Import map: aliased 
to relative './compo
nents/template/templ
at_halaman' inside o
f [project]/


https://nextjs.org/d
ocs/messages/module-
not-found


./app/components/kes
iswaan/ekstrakurikul
er/Jurnalistik/page.
tsx:1:1
Module not found: Ca
n't resolve '@/compo
nents/template/templ
at_halaman'
[0m[31m[1m>[22m
[39m[90m 1 |[39m 
[36mimport[39m [33
mTemplatHalaman[39m
 [36mfrom[39m [32
m"@/components/templ
ate/templat_halaman"
[39m[33m;[39m
 [90m   |[39m [31
m[1m^[22m[39m[31
m[1m^[22m[39m[31
m[1m^[22m[39m[31
m[1m^[22m[39m[31
m[1m^[22m[39m[31
m[1m^[22m[39m[31
m[1m^[22m[39m[31
m[1m^[22m[39m[31
m[1m^[22m[39m[31
m[1m^[22m[39m[31
m[1m^[22m[39m[31
m[1m^[22m[39m[31
m[1m^[22m[39m[31
m[1m^[22m[39m[31
m[1m^[22m[39m[31
m[1m^[22m[39m[31
m[1m^[22m[39m[31
m[1m^[22m[39m[31
m[1m^[22m[39m[31
m[1m^[22m[39m[31
m[1m^[22m[39m[31
m[1m^[22m[39m[31
m[1m^[22m[39m[31
m[1m^[22m[39m[31
m[1m^[22m[39m[31
m[1m^[22m[39m[31
m[1m^[22m[39m[31
m[1m^[22m[39m[31
m[1m^[22m[39m[31
m[1m^[22m[39m[31
m[1m^[22m[39m[31
m[1m^[22m[39m[31
m[1m^[22m[39m[31
m[1m^[22m[39m[31
m[1m^[22m[39m[31
m[1m^[22m[39m[31
m[1m^[22m[39m[31
m[1m^[22m[39m[31
m[1m^[22m[39m[31
m[1m^[22m[39m[31
m[1m^[22m[39m[31
m[1m^[22m[39m[31
m[1m^[22m[39m[31
m[1m^[22m[39m[31
m[1m^[22m[39m[31
m[1m^[22m[39m[31
m[1m^[22m[39m[31
m[1m^[22m[39m[31
m[1m^[22m[39m[31
m[1m^[22m[39m[31
m[1m^[22m[39m[31
m[1m^[22m[39m[31
m[1m^[22m[39m[31
m[1m^[22m[39m[31
m[1m^[22m[39m[31
m[1m^[22m[39m[31
m[1m^[22m[39m[31
m[1m^[22m[39m[31
m[1m^[22m[39m[31
m[1m^[22m[39m[31
m[1m^[22m[39m[31
m[1m^[22m[39m[31
m[1m^[22m[39m[31
m[1m^[22m[39m[31
m[1m^[22m[39m[31
m[1m^[22m[39m[31
m[1m^[22m[39m
 [90m 2 |[39m
 [90m 3 |[39m [36
mexport[39m [36mde
fault[39m [36mfunc
tion[39m [33mJurna
listikPage[39m() {
 [90m 4 |[39m     
[36mreturn[39m [3
3m<[39m[33mTemplat
Halaman[39m ekskulN
ame[33m=[39m[32m"
Jurnalistik"[39m ba
sePath[33m=[39m[3
2m"/ekskul/jurnalist
ik"[39m [33m/[39m
[33m>[39m[33m;[3
9m[0m

Import map: aliased 
to relative './compo
nents/template/templ
at_halaman' inside o
f [project]/


https://nextjs.org/d
ocs/messages/module-
not-found


./app/components/kes
iswaan/ekstrakurikul
er/PMR/page.tsx:1:1
Module not found: Ca
n't resolve '@/compo
nents/template/templ
at_halaman'
[0m[31m[1m>[22m
[39m[90m 1 |[39m 
[36mimport[39m [33
mTemplatHalaman[39m
 [36mfrom[39m [32
m"@/components/templ
ate/templat_halaman"
[39m[33m;[39m
 [90m   |[39m [31
m[1m^[22m[39m[31
m[1m^[22m[39m[31
m[1m^[22m[39m[31
m[1m^[22m[39m[31
m[1m^[22m[39m[31
m[1m^[22m[39m[31
m[1m^[22m[39m[31
m[1m^[22m[39m[31
m[1m^[22m[39m[31
m[1m^[22m[39m[31
m[1m^[22m[39m[31
m[1m^[22m[39m[31
m[1m^[22m[39m[31
m[1m^[22m[39m[31
m[1m^[22m[39m[31
m[1m^[22m[39m[31
m[1m^[22m[39m[31
m[1m^[22m[39m[31
m[1m^[22m[39m[31
m[1m^[22m[39m[31
m[1m^[22m[39m[31
m[1m^[22m[39m[31
m[1m^[22m[39m[31
m[1m^[22m[39m[31
m[1m^[22m[39m[31
m[1m^[22m[39m[31
m[1m^[22m[39m[31
m[1m^[22m[39m[31
m[1m^[22m[39m[31
m[1m^[22m[39m[31
m[1m^[22m[39m[31
m[1m^[22m[39m[31
m[1m^[22m[39m[31
m[1m^[22m[39m[31
m[1m^[22m[39m[31
m[1m^[22m[39m[31
m[1m^[22m[39m[31
m[1m^[22m[39m[31
m[1m^[22m[39m[31
m[1m^[22m[39m[31
m[1m^[22m[39m[31
m[1m^[22m[39m[31
m[1m^[22m[39m[31
m[1m^[22m[39m[31
m[1m^[22m[39m[31
m[1m^[22m[39m[31
m[1m^[22m[39m[31
m[1m^[22m[39m[31
m[1m^[22m[39m[31
m[1m^[22m[39m[31
m[1m^[22m[39m[31
m[1m^[22m[39m[31
m[1m^[22m[39m[31
m[1m^[22m[39m[31
m[1m^[22m[39m[31
m[1m^[22m[39m[31
m[1m^[22m[39m[31
m[1m^[22m[39m[31
m[1m^[22m[39m[31
m[1m^[22m[39m[31
m[1m^[22m[39m[31
m[1m^[22m[39m[31
m[1m^[22m[39m[31
m[1m^[22m[39m[31
m[1m^[22m[39m[31
m[1m^[22m[39m[31
m[1m^[22m[39m
 [90m 2 |[39m
 [90m 3 |[39m [36
mexport[39m [36mde
fault[39m [36mfunc
tion[39m [33mPMRPa
ge[39m() {
 [90m 4 |[39m     
[36mreturn[39m [3
3m<[39m[33mTemplat
Halaman[39m ekskulN
ame[33m=[39m[32m"
PMR"[39m basePath[
33m=[39m[32m"/eksk
ul/pmr"[39m [33m/
[39m[33m>[39m[33m
;[39m[0m

Import map: aliased 
to relative './compo
nents/template/templ
at_halaman' inside o
f [project]/


https://nextjs.org/d
ocs/messages/module-
not-found


./app/components/kes
iswaan/ekstrakurikul
er/Paduan_Suara/page
.tsx:1:1
Module not found: Ca
n't resolve '@/compo
nents/template/templ
at_halaman'
[0m[31m[1m>[22m
[39m[90m 1 |[39m 
[36mimport[39m [33
mTemplatHalaman[39m
 [36mfrom[39m [32
m"@/components/templ
ate/templat_halaman"
[39m[33m;[39m
 [90m   |[39m [31
m[1m^[22m[39m[31
m[1m^[22m[39m[31
m[1m^[22m[39m[31
m[1m^[22m[39m[31
m[1m^[22m[39m[31
m[1m^[22m[39m[31
m[1m^[22m[39m[31
m[1m^[22m[39m[31
m[1m^[22m[39m[31
m[1m^[22m[39m[31
m[1m^[22m[39m[31
m[1m^[22m[39m[31
m[1m^[22m[39m[31
m[1m^[22m[39m[31
m[1m^[22m[39m[31
m[1m^[22m[39m[31
m[1m^[22m[39m[31
m[1m^[22m[39m[31
m[1m^[22m[39m[31
m[1m^[22m[39m[31
m[1m^[22m[39m[31
m[1m^[22m[39m[31
m[1m^[22m[39m[31
m[1m^[22m[39m[31
m[1m^[22m[39m[31
m[1m^[22m[39m[31
m[1m^[22m[39m[31
m[1m^[22m[39m[31
m[1m^[22m[39m[31
m[1m^[22m[39m[31
m[1m^[22m[39m[31
m[1m^[22m[39m[31
m[1m^[22m[39m[31
m[1m^[22m[39m[31
m[1m^[22m[39m[31
m[1m^[22m[39m[31
m[1m^[22m[39m[31
m[1m^[22m[39m[31
m[1m^[22m[39m[31
m[1m^[22m[39m[31
m[1m^[22m[39m[31
m[1m^[22m[39m[31
m[1m^[22m[39m[31
m[1m^[22m[39m[31
m[1m^[22m[39m[31
m[1m^[22m[39m[31
m[1m^[22m[39m[31
m[1m^[22m[39m[31
m[1m^[22m[39m[31
m[1m^[22m[39m[31
m[1m^[22m[39m[31
m[1m^[22m[39m[31
m[1m^[22m[39m[31
m[1m^[22m[39m[31
m[1m^[22m[39m[31
m[1m^[22m[39m[31
m[1m^[22m[39m[31
m[1m^[22m[39m[31
m[1m^[22m[39m[31
m[1m^[22m[39m[31
m[1m^[22m[39m[31
m[1m^[22m[39m[31
m[1m^[22m[39m[31
m[1m^[22m[39m[31
m[1m^[22m[39m[31
m[1m^[22m[39m[31
m[1m^[22m[39m
 [90m 2 |[39m
 [90m 3 |[39m [36
mexport[39m [36mde
fault[39m [36mfunc
tion[39m [33mPadua
nSuaraPage[39m() {
 [90m 4 |[39m     
[36mreturn[39m [3
3m<[39m[33mTemplat
Halaman[39m ekskulN
ame[33m=[39m[32m"
Paduan Suara"[39m b
asePath[33m=[39m[
32m"/ekskul/paduan-s
uara"[39m [33m/[3
9m[33m>[39m[33m;
[39m[0m

Import map: aliased 
to relative './compo
nents/template/templ
at_halaman' inside o
f [project]/


https://nextjs.org/d
ocs/messages/module-
not-found


./app/components/kes
iswaan/ekstrakurikul
er/Paskibraka/page.t
sx:1:1
Module not found: Ca
n't resolve '@/compo
nents/template/templ
at_halaman'
[0m[31m[1m>[22m
[39m[90m 1 |[39m 
[36mimport[39m [33
mTemplatHalaman[39m
 [36mfrom[39m [32
m"@/components/templ
ate/templat_halaman"
[39m[33m;[39m
 [90m   |[39m [31
m[1m^[22m[39m[31
m[1m^[22m[39m[31
m[1m^[22m[39m[31
m[1m^[22m[39m[31
m[1m^[22m[39m[31
m[1m^[22m[39m[31
m[1m^[22m[39m[31
m[1m^[22m[39m[31
m[1m^[22m[39m[31
m[1m^[22m[39m[31
m[1m^[22m[39m[31
m[1m^[22m[39m[31
m[1m^[22m[39m[31
m[1m^[22m[39m[31
m[1m^[22m[39m[31
m[1m^[22m[39m[31
m[1m^[22m[39m[31
m[1m^[22m[39m[31
m[1m^[22m[39m[31
m[1m^[22m[39m[31
m[1m^[22m[39m[31
m[1m^[22m[39m[31
m[1m^[22m[39m[31
m[1m^[22m[39m[31
m[1m^[22m[39m[31
m[1m^[22m[39m[31
m[1m^[22m[39m[31
m[1m^[22m[39m[31
m[1m^[22m[39m[31
m[1m^[22m[39m[31
m[1m^[22m[39m[31
m[1m^[22m[39m[31
m[1m^[22m[39m[31
m[1m^[22m[39m[31
m[1m^[22m[39m[31
m[1m^[22m[39m[31
m[1m^[22m[39m[31
m[1m^[22m[39m[31
m[1m^[22m[39m[31
m[1m^[22m[39m[31
m[1m^[22m[39m[31
m[1m^[22m[39m[31
m[1m^[22m[39m[31
m[1m^[22m[39m[31
m[1m^[22m[39m[31
m[1m^[22m[39m[31
m[1m^[22m[39m[31
m[1m^[22m[39m[31
m[1m^[22m[39m[31
m[1m^[22m[39m[31
m[1m^[22m[39m[31
m[1m^[22m[39m[31
m[1m^[22m[39m[31
m[1m^[22m[39m[31
m[1m^[22m[39m[31
m[1m^[22m[39m[31
m[1m^[22m[39m[31
m[1m^[22m[39m[31
m[1m^[22m[39m[31
m[1m^[22m[39m[31
m[1m^[22m[39m[31
m[1m^[22m[39m[31
m[1m^[22m[39m[31
m[1m^[22m[39m[31
m[1m^[22m[39m[31
m[1m^[22m[39m[31
m[1m^[22m[39m
 [90m 2 |[39m
 [90m 3 |[39m [36
mexport[39m [36mde
fault[39m [36mfunc
tion[39m [33mPaski
brakaPage[39m() {
 [90m 4 |[39m     
[36mreturn[39m [3
3m<[39m[33mTemplat
Halaman[39m ekskulN
ame[33m=[39m[32m"
Paskibraka"[39m bas
ePath[33m=[39m[32
m"/ekskul/paskibraka
"[39m [33m/[39m[
33m>[39m[33m;[39m
[0m

Import map: aliased 
to relative './compo
nents/template/templ
at_halaman' inside o
f [project]/


https://nextjs.org/d
ocs/messages/module-
not-found


./app/components/kes
iswaan/ekstrakurikul
er/Pramuka/page.tsx:
1:1
Module not found: Ca
n't resolve '@/compo
nents/template/templ
at_halaman'
[0m[31m[1m>[22m
[39m[90m 1 |[39m 
[36mimport[39m [33
mTemplatHalaman[39m
 [36mfrom[39m [32
m"@/components/templ
ate/templat_halaman"
[39m[33m;[39m
 [90m   |[39m [31
m[1m^[22m[39m[31
m[1m^[22m[39m[31
m[1m^[22m[39m[31
m[1m^[22m[39m[31
m[1m^[22m[39m[31
m[1m^[22m[39m[31
m[1m^[22m[39m[31
m[1m^[22m[39m[31
m[1m^[22m[39m[31
m[1m^[22m[39m[31
m[1m^[22m[39m[31
m[1m^[22m[39m[31
m[1m^[22m[39m[31
m[1m^[22m[39m[31
m[1m^[22m[39m[31
m[1m^[22m[39m[31
m[1m^[22m[39m[31
m[1m^[22m[39m[31
m[1m^[22m[39m[31
m[1m^[22m[39m[31
m[1m^[22m[39m[31
m[1m^[22m[39m[31
m[1m^[22m[39m[31
m[1m^[22m[39m[31
m[1m^[22m[39m[31
m[1m^[22m[39m[31
m[1m^[22m[39m[31
m[1m^[22m[39m[31
m[1m^[22m[39m[31
m[1m^[22m[39m[31
m[1m^[22m[39m[31
m[1m^[22m[39m[31
m[1m^[22m[39m[31
m[1m^[22m[39m[31
m[1m^[22m[39m[31
m[1m^[22m[39m[31
m[1m^[22m[39m[31
m[1m^[22m[39m[31
m[1m^[22m[39m[31
m[1m^[22m[39m[31
m[1m^[22m[39m[31
m[1m^[22m[39m[31
m[1m^[22m[39m[31
m[1m^[22m[39m[31
m[1m^[22m[39m[31
m[1m^[22m[39m[31
m[1m^[22m[39m[31
m[1m^[22m[39m[31
m[1m^[22m[39m[31
m[1m^[22m[39m[31
m[1m^[22m[39m[31
m[1m^[22m[39m[31
m[1m^[22m[39m[31
m[1m^[22m[39m[31
m[1m^[22m[39m[31
m[1m^[22m[39m[31
m[1m^[22m[39m[31
m[1m^[22m[39m[31
m[1m^[22m[39m[31
m[1m^[22m[39m[31
m[1m^[22m[39m[31
m[1m^[22m[39m[31
m[1m^[22m[39m[31
m[1m^[22m[39m[31
m[1m^[22m[39m[31
m[1m^[22m[39m[31
m[1m^[22m[39m
 [90m 2 |[39m
 [90m 3 |[39m [36
mexport[39m [36mde
fault[39m [36mfunc
tion[39m [33mPramu
kaPage[39m() {
 [90m 4 |[39m     
[36mreturn[39m [3
3m<[39m[33mTemplat
Halaman[39m ekskulN
ame[33m=[39m[32m"
Pramuka"[39m basePa
th[33m=[39m[32m"/
ekskul/pramuka"[39m
 [33m/[39m[33m>[
39m[33m;[39m[0m

Import map: aliased 
to relative './compo
nents/template/templ
at_halaman' inside o
f [project]/


https://nextjs.org/d
ocs/messages/module-
not-found


./app/components/kes
iswaan/ekstrakurikul
er/Sains_Club/page.t
sx:1:1
Module not found: Ca
n't resolve '@/compo
nents/template/templ
at_halaman'
[0m[31m[1m>[22m
[39m[90m 1 |[39m 
[36mimport[39m [33
mTemplatHalaman[39m
 [36mfrom[39m [32
m"@/components/templ
ate/templat_halaman"
[39m[33m;[39m
 [90m   |[39m [31
m[1m^[22m[39m[31
m[1m^[22m[39m[31
m[1m^[22m[39m[31
m[1m^[22m[39m[31
m[1m^[22m[39m[31
m[1m^[22m[39m[31
m[1m^[22m[39m[31
m[1m^[22m[39m[31
m[1m^[22m[39m[31
m[1m^[22m[39m[31
m[1m^[22m[39m[31
m[1m^[22m[39m[31
m[1m^[22m[39m[31
m[1m^[22m[39m[31
m[1m^[22m[39m[31
m[1m^[22m[39m[31
m[1m^[22m[39m[31
m[1m^[22m[39m[31
m[1m^[22m[39m[31
m[1m^[22m[39m[31
m[1m^[22m[39m[31
m[1m^[22m[39m[31
m[1m^[22m[39m[31
m[1m^[22m[39m[31
m[1m^[22m[39m[31
m[1m^[22m[39m[31
m[1m^[22m[39m[31
m[1m^[22m[39m[31
m[1m^[22m[39m[31
m[1m^[22m[39m[31
m[1m^[22m[39m[31
m[1m^[22m[39m[31
m[1m^[22m[39m[31
m[1m^[22m[39m[31
m[1m^[22m[39m[31
m[1m^[22m[39m[31
m[1m^[22m[39m[31
m[1m^[22m[39m[31
m[1m^[22m[39m[31
m[1m^[22m[39m[31
m[1m^[22m[39m[31
m[1m^[22m[39m[31
m[1m^[22m[39m[31
m[1m^[22m[39m[31
m[1m^[22m[39m[31
m[1m^[22m[39m[31
m[1m^[22m[39m[31
m[1m^[22m[39m[31
m[1m^[22m[39m[31
m[1m^[22m[39m[31
m[1m^[22m[39m[31
m[1m^[22m[39m[31
m[1m^[22m[39m[31
m[1m^[22m[39m[31
m[1m^[22m[39m[31
m[1m^[22m[39m[31
m[1m^[22m[39m[31
m[1m^[22m[39m[31
m[1m^[22m[39m[31
m[1m^[22m[39m[31
m[1m^[22m[39m[31
m[1m^[22m[39m[31
m[1m^[22m[39m[31
m[1m^[22m[39m[31
m[1m^[22m[39m[31
m[1m^[22m[39m[31
m[1m^[22m[39m
 [90m 2 |[39m
 [90m 3 |[39m [36
mexport[39m [36mde
fault[39m [36mfunc
tion[39m [33mSains
ClubPage[39m() {
 [90m 4 |[39m     
[36mreturn[39m [3
3m<[39m[33mTemplat
Halaman[39m ekskulN
ame[33m=[39m[32m"
Sains Club"[39m bas
ePath[33m=[39m[32
m"/ekskul/sains-club
"[39m [33m/[39m[
33m>[39m[33m;[39m
[0m

Import map: aliased 
to relative './compo
nents/template/templ
at_halaman' inside o
f [project]/


https://nextjs.org/d
ocs/messages/module-
not-found


./app/components/kes
iswaan/ekstrakurikul
er/Seni_Tari/page.ts
x:1:1
Module not found: Ca
n't resolve '@/compo
nents/template/templ
at_halaman'
[0m[31m[1m>[22m
[39m[90m 1 |[39m 
[36mimport[39m [33
mTemplatHalaman[39m
 [36mfrom[39m [32
m"@/components/templ
ate/templat_halaman"
[39m[33m;[39m
 [90m   |[39m [31
m[1m^[22m[39m[31
m[1m^[22m[39m[31
m[1m^[22m[39m[31
m[1m^[22m[39m[31
m[1m^[22m[39m[31
m[1m^[22m[39m[31
m[1m^[22m[39m[31
m[1m^[22m[39m[31
m[1m^[22m[39m[31
m[1m^[22m[39m[31
m[1m^[22m[39m[31
m[1m^[22m[39m[31
m[1m^[22m[39m[31
m[1m^[22m[39m[31
m[1m^[22m[39m[31
m[1m^[22m[39m[31
m[1m^[22m[39m[31
m[1m^[22m[39m[31
m[1m^[22m[39m[31
m[1m^[22m[39m[31
m[1m^[22m[39m[31
m[1m^[22m[39m[31
m[1m^[22m[39m[31
m[1m^[22m[39m[31
m[1m^[22m[39m[31
m[1m^[22m[39m[31
m[1m^[22m[39m[31
m[1m^[22m[39m[31
m[1m^[22m[39m[31
m[1m^[22m[39m[31
m[1m^[22m[39m[31
m[1m^[22m[39m[31
m[1m^[22m[39m[31
m[1m^[22m[39m[31
m[1m^[22m[39m[31
m[1m^[22m[39m[31
m[1m^[22m[39m[31
m[1m^[22m[39m[31
m[1m^[22m[39m[31
m[1m^[22m[39m[31
m[1m^[22m[39m[31
m[1m^[22m[39m[31
m[1m^[22m[39m[31
m[1m^[22m[39m[31
m[1m^[22m[39m[31
m[1m^[22m[39m[31
m[1m^[22m[39m[31
m[1m^[22m[39m[31
m[1m^[22m[39m[31
m[1m^[22m[39m[31
m[1m^[22m[39m[31
m[1m^[22m[39m[31
m[1m^[22m[39m[31
m[1m^[22m[39m[31
m[1m^[22m[39m[31
m[1m^[22m[39m[31
m[1m^[22m[39m[31
m[1m^[22m[39m[31
m[1m^[22m[39m[31
m[1m^[22m[39m[31
m[1m^[22m[39m[31
m[1m^[22m[39m[31
m[1m^[22m[39m[31
m[1m^[22m[39m[31
m[1m^[22m[39m[31
m[1m^[22m[39m[31
m[1m^[22m[39m
 [90m 2 |[39m
 [90m 3 |[39m [36
mexport[39m [36mde
fault[39m [36mfunc
tion[39m [33mSeniT
ariPage[39m() {
 [90m 4 |[39m     
[36mreturn[39m [3
3m<[39m[33mTemplat
Halaman[39m ekskulN
ame[33m=[39m[32m"
Seni Tari"[39m base
Path[33m=[39m[32m
"/ekskul/seni-tari"
[39m [33m/[39m[33
m>[39m[33m;[39m[
0m

Import map: aliased 
to relative './compo
nents/template/templ
at_halaman' inside o
f [project]/


https://nextjs.org/d
ocs/messages/module-
not-found


./app/components/kes
iswaan/ekstrakurikul
er/Voli/page.tsx:1:1
Module not found: Ca
n't resolve '@/compo
nents/template/templ
at_halaman'
[0m[31m[1m>[22m
[39m[90m 1 |[39m 
[36mimport[39m [33
mTemplatHalaman[39m
 [36mfrom[39m [32
m"@/components/templ
ate/templat_halaman"
[39m[33m;[39m
 [90m   |[39m [31
m[1m^[22m[39m[31
m[1m^[22m[39m[31
m[1m^[22m[39m[31
m[1m^[22m[39m[31
m[1m^[22m[39m[31
m[1m^[22m[39m[31
m[1m^[22m[39m[31
m[1m^[22m[39m[31
m[1m^[22m[39m[31
m[1m^[22m[39m[31
m[1m^[22m[39m[31
m[1m^[22m[39m[31
m[1m^[22m[39m[31
m[1m^[22m[39m[31
m[1m^[22m[39m[31
m[1m^[22m[39m[31
m[1m^[22m[39m[31
m[1m^[22m[39m[31
m[1m^[22m[39m[31
m[1m^[22m[39m[31
m[1m^[22m[39m[31
m[1m^[22m[39m[31
m[1m^[22m[39m[31
m[1m^[22m[39m[31
m[1m^[22m[39m[31
m[1m^[22m[39m[31
m[1m^[22m[39m[31
m[1m^[22m[39m[31
m[1m^[22m[39m[31
m[1m^[22m[39m[31
m[1m^[22m[39m[31
m[1m^[22m[39m[31
m[1m^[22m[39m[31
m[1m^[22m[39m[31
m[1m^[22m[39m[31
m[1m^[22m[39m[31
m[1m^[22m[39m[31
m[1m^[22m[39m[31
m[1m^[22m[39m[31
m[1m^[22m[39m[31
m[1m^[22m[39m[31
m[1m^[22m[39m[31
m[1m^[22m[39m[31
m[1m^[22m[39m[31
m[1m^[22m[39m[31
m[1m^[22m[39m[31
m[1m^[22m[39m[31
m[1m^[22m[39m[31
m[1m^[22m[39m[31
m[1m^[22m[39m[31
m[1m^[22m[39m[31
m[1m^[22m[39m[31
m[1m^[22m[39m[31
m[1m^[22m[39m[31
m[1m^[22m[39m[31
m[1m^[22m[39m[31
m[1m^[22m[39m[31
m[1m^[22m[39m[31
m[1m^[22m[39m[31
m[1m^[22m[39m[31
m[1m^[22m[39m[31
m[1m^[22m[39m[31
m[1m^[22m[39m[31
m[1m^[22m[39m[31
m[1m^[22m[39m[31
m[1m^[22m[39m[31
m[1m^[22m[39m
 [90m 2 |[39m
 [90m 3 |[39m [36
mexport[39m [36mde
fault[39m [36mfunc
tion[39m [33mVoliP
age[39m() {
 [90m 4 |[39m     
[36mreturn[39m [3
3m<[39m[33mTemplat
Halaman[39m ekskulN
ame[33m=[39m[32m"
Voli"[39m basePath
[33m=[39m[32m"/eks
kul/voli"[39m [33m
/[39m[33m>[39m[3
3m;[39m[0m

Import map: aliased 
to relative './compo
nents/template/templ
at_halaman' inside o
f [project]/


https://nextjs.org/d
ocs/messages/module-
not-found


./app/components/kes
iswaan/ekstrakurikul
er/Basket/[slug]/pag
e.tsx:1:1
Module not found: Ca
n't resolve '@/compo
nents/template/templ
at_slug_halaman'
[0m[31m[1m>[22m
[39m[90m 1 |[39m 
[36mimport[39m [33
mTemplatSlugHalaman
[39m [36mfrom[39m 
[32m"@/components/t
emplate/templat_slug
_halaman"[39m[33m;
[39m
 [90m   |[39m [31
m[1m^[22m[39m[31
m[1m^[22m[39m[31
m[1m^[22m[39m[31
m[1m^[22m[39m[31
m[1m^[22m[39m[31
m[1m^[22m[39m[31
m[1m^[22m[39m[31
m[1m^[22m[39m[31
m[1m^[22m[39m[31
m[1m^[22m[39m[31
m[1m^[22m[39m[31
m[1m^[22m[39m[31
m[1m^[22m[39m[31
m[1m^[22m[39m[31
m[1m^[22m[39m[31
m[1m^[22m[39m[31
m[1m^[22m[39m[31
m[1m^[22m[39m[31
m[1m^[22m[39m[31
m[1m^[22m[39m[31
m[1m^[22m[39m[31
m[1m^[22m[39m[31
m[1m^[22m[39m[31
m[1m^[22m[39m[31
m[1m^[22m[39m[31
m[1m^[22m[39m[31
m[1m^[22m[39m[31
m[1m^[22m[39m[31
m[1m^[22m[39m[31
m[1m^[22m[39m[31
m[1m^[22m[39m[31
m[1m^[22m[39m[31
m[1m^[22m[39m[31
m[1m^[22m[39m[31
m[1m^[22m[39m[31
m[1m^[22m[39m[31
m[1m^[22m[39m[31
m[1m^[22m[39m[31
m[1m^[22m[39m[31
m[1m^[22m[39m[31
m[1m^[22m[39m[31
m[1m^[22m[39m[31
m[1m^[22m[39m[31
m[1m^[22m[39m[31
m[1m^[22m[39m[31
m[1m^[22m[39m[31
m[1m^[22m[39m[31
m[1m^[22m[39m[31
m[1m^[22m[39m[31
m[1m^[22m[39m[31
m[1m^[22m[39m[31
m[1m^[22m[39m[31
m[1m^[22m[39m[31
m[1m^[22m[39m[31
m[1m^[22m[39m[31
m[1m^[22m[39m[31
m[1m^[22m[39m[31
m[1m^[22m[39m[31
m[1m^[22m[39m[31
m[1m^[22m[39m[31
m[1m^[22m[39m[31
m[1m^[22m[39m[31
m[1m^[22m[39m[31
m[1m^[22m[39m[31
m[1m^[22m[39m[31
m[1m^[22m[39m[31
m[1m^[22m[39m[31
m[1m^[22m[39m[31
m[1m^[22m[39m[31
m[1m^[22m[39m[31
m[1m^[22m[39m[31
m[1m^[22m[39m[31
m[1m^[22m[39m[31
m[1m^[22m[39m[31
m[1m^[22m[39m[31
m[1m^[22m[39m
 [90m 2 |[39m
 [90m 3 |[39m [36
mexport[39m [36mde
fault[39m [36masyn
c[39m [36mfunction
[39m [33mDetailBas
ketPage[39m({ param
s }[33m:[39m { par
ams[33m:[39m [33m
Promise[39m[33m<[
39m{ slug[33m:[39m
 string }[33m>[39m
 }) {
 [90m 4 |[39m     
[36mconst[39m { sl
ug } [33m=[39m [3
6mawait[39m params
[33m;[39m[0m

Import map: aliased 
to relative './compo
nents/template/templ
at_slug_halaman' ins
ide of [project]/


https://nextjs.org/d
ocs/messages/module-
not-found


./app/components/kes
iswaan/ekstrakurikul
er/Jurnalistik/[slug
]/page.tsx:1:1
Module not found: Ca
n't resolve '@/compo
nents/template/templ
at_slug_halaman'
[0m[31m[1m>[22m
[39m[90m 1 |[39m 
[36mimport[39m [33
mTemplatSlugHalaman
[39m [36mfrom[39m 
[32m"@/components/t
emplate/templat_slug
_halaman"[39m[33m;
[39m
 [90m   |[39m [31
m[1m^[22m[39m[31
m[1m^[22m[39m[31
m[1m^[22m[39m[31
m[1m^[22m[39m[31
m[1m^[22m[39m[31
m[1m^[22m[39m[31
m[1m^[22m[39m[31
m[1m^[22m[39m[31
m[1m^[22m[39m[31
m[1m^[22m[39m[31
m[1m^[22m[39m[31
m[1m^[22m[39m[31
m[1m^[22m[39m[31
m[1m^[22m[39m[31
m[1m^[22m[39m[31
m[1m^[22m[39m[31
m[1m^[22m[39m[31
m[1m^[22m[39m[31
m[1m^[22m[39m[31
m[1m^[22m[39m[31
m[1m^[22m[39m[31
m[1m^[22m[39m[31
m[1m^[22m[39m[31
m[1m^[22m[39m[31
m[1m^[22m[39m[31
m[1m^[22m[39m[31
m[1m^[22m[39m[31
m[1m^[22m[39m[31
m[1m^[22m[39m[31
m[1m^[22m[39m[31
m[1m^[22m[39m[31
m[1m^[22m[39m[31
m[1m^[22m[39m[31
m[1m^[22m[39m[31
m[1m^[22m[39m[31
m[1m^[22m[39m[31
m[1m^[22m[39m[31
m[1m^[22m[39m[31
m[1m^[22m[39m[31
m[1m^[22m[39m[31
m[1m^[22m[39m[31
m[1m^[22m[39m[31
m[1m^[22m[39m[31
m[1m^[22m[39m[31
m[1m^[22m[39m[31
m[1m^[22m[39m[31
m[1m^[22m[39m[31
m[1m^[22m[39m[31
m[1m^[22m[39m[31
m[1m^[22m[39m[31
m[1m^[22m[39m[31
m[1m^[22m[39m[31
m[1m^[22m[39m[31
m[1m^[22m[39m[31
m[1m^[22m[39m[31
m[1m^[22m[39m[31
m[1m^[22m[39m[31
m[1m^[22m[39m[31
m[1m^[22m[39m[31
m[1m^[22m[39m[31
m[1m^[22m[39m[31
m[1m^[22m[39m[31
m[1m^[22m[39m[31
m[1m^[22m[39m[31
m[1m^[22m[39m[31
m[1m^[22m[39m[31
m[1m^[22m[39m[31
m[1m^[22m[39m[31
m[1m^[22m[39m[31
m[1m^[22m[39m[31
m[1m^[22m[39m[31
m[1m^[22m[39m[31
m[1m^[22m[39m[31
m[1m^[22m[39m[31
m[1m^[22m[39m[31
m[1m^[22m[39m
 [90m 2 |[39m
 [90m 3 |[39m [36
mexport[39m [36mde
fault[39m [36masyn
c[39m [36mfunction
[39m [33mDetailJur
nalistikPage[39m({ 
params }[33m:[39m 
{ params[33m:[39m 
[33mPromise[39m[3
3m<[39m{ slug[33m:
[39m string }[33m>
[39m }) {
 [90m 4 |[39m     
[36mconst[39m { sl
ug } [33m=[39m [3
6mawait[39m params
[33m;[39m[0m

Import map: aliased 
to relative './compo
nents/template/templ
at_slug_halaman' ins
ide of [project]/


https://nextjs.org/d
ocs/messages/module-
not-found


./app/components/kes
iswaan/ekstrakurikul
er/PMR/[slug]/page.t
sx:1:1
Module not found: Ca
n't resolve '@/compo
nents/template/templ
at_slug_halaman'
[0m[31m[1m>[22m
[39m[90m 1 |[39m 
[36mimport[39m [33
mTemplatSlugHalaman
[39m [36mfrom[39m 
[32m"@/components/t
emplate/templat_slug
_halaman"[39m[33m;
[39m
 [90m   |[39m [31
m[1m^[22m[39m[31
m[1m^[22m[39m[31
m[1m^[22m[39m[31
m[1m^[22m[39m[31
m[1m^[22m[39m[31
m[1m^[22m[39m[31
m[1m^[22m[39m[31
m[1m^[22m[39m[31
m[1m^[22m[39m[31
m[1m^[22m[39m[31
m[1m^[22m[39m[31
m[1m^[22m[39m[31
m[1m^[22m[39m[31
m[1m^[22m[39m[31
m[1m^[22m[39m[31
m[1m^[22m[39m[31
m[1m^[22m[39m[31
m[1m^[22m[39m[31
m[1m^[22m[39m[31
m[1m^[22m[39m[31
m[1m^[22m[39m[31
m[1m^[22m[39m[31
m[1m^[22m[39m[31
m[1m^[22m[39m[31
m[1m^[22m[39m[31
m[1m^[22m[39m[31
m[1m^[22m[39m[31
m[1m^[22m[39m[31
m[1m^[22m[39m[31
m[1m^[22m[39m[31
m[1m^[22m[39m[31
m[1m^[22m[39m[31
m[1m^[22m[39m[31
m[1m^[22m[39m[31
m[1m^[22m[39m[31
m[1m^[22m[39m[31
m[1m^[22m[39m[31
m[1m^[22m[39m[31
m[1m^[22m[39m[31
m[1m^[22m[39m[31
m[1m^[22m[39m[31
m[1m^[22m[39m[31
m[1m^[22m[39m[31
m[1m^[22m[39m[31
m[1m^[22m[39m[31
m[1m^[22m[39m[31
m[1m^[22m[39m[31
m[1m^[22m[39m[31
m[1m^[22m[39m[31
m[1m^[22m[39m[31
m[1m^[22m[39m[31
m[1m^[22m[39m[31
m[1m^[22m[39m[31
m[1m^[22m[39m[31
m[1m^[22m[39m[31
m[1m^[22m[39m[31
m[1m^[22m[39m[31
m[1m^[22m[39m[31
m[1m^[22m[39m[31
m[1m^[22m[39m[31
m[1m^[22m[39m[31
m[1m^[22m[39m[31
m[1m^[22m[39m[31
m[1m^[22m[39m[31
m[1m^[22m[39m[31
m[1m^[22m[39m[31
m[1m^[22m[39m[31
m[1m^[22m[39m[31
m[1m^[22m[39m[31
m[1m^[22m[39m[31
m[1m^[22m[39m[31
m[1m^[22m[39m[31
m[1m^[22m[39m[31
m[1m^[22m[39m[31
m[1m^[22m[39m[31
m[1m^[22m[39m
 [90m 2 |[39m
 [90m 3 |[39m [36
mexport[39m [36mde
fault[39m [36masyn
c[39m [36mfunction
[39m [33mDetailPMR
Page[39m({ params }
[33m:[39m { params
[33m:[39m [33mPro
mise[39m[33m<[39m
{ slug[33m:[39m st
ring }[33m>[39m })
 {
 [90m 4 |[39m     
[36mconst[39m { sl
ug } [33m=[39m [3
6mawait[39m params
[33m;[39m[0m

Import map: aliased 
to relative './compo
nents/template/templ
at_slug_halaman' ins
ide of [project]/


https://nextjs.org/d
ocs/messages/module-
not-found


./app/components/kes
iswaan/ekstrakurikul
er/Paduan_Suara/[slu
g]/page.tsx:1:1
Module not found: Ca
n't resolve '@/compo
nents/template/templ
at_slug_halaman'
[0m[31m[1m>[22m
[39m[90m 1 |[39m 
[36mimport[39m [33
mTemplatSlugHalaman
[39m [36mfrom[39m 
[32m"@/components/t
emplate/templat_slug
_halaman"[39m[33m;
[39m
 [90m   |[39m [31
m[1m^[22m[39m[31
m[1m^[22m[39m[31
m[1m^[22m[39m[31
m[1m^[22m[39m[31
m[1m^[22m[39m[31
m[1m^[22m[39m[31
m[1m^[22m[39m[31
m[1m^[22m[39m[31
m[1m^[22m[39m[31
m[1m^[22m[39m[31
m[1m^[22m[39m[31
m[1m^[22m[39m[31
m[1m^[22m[39m[31
m[1m^[22m[39m[31
m[1m^[22m[39m[31
m[1m^[22m[39m[31
m[1m^[22m[39m[31
m[1m^[22m[39m[31
m[1m^[22m[39m[31
m[1m^[22m[39m[31
m[1m^[22m[39m[31
m[1m^[22m[39m[31
m[1m^[22m[39m[31
m[1m^[22m[39m[31
m[1m^[22m[39m[31
m[1m^[22m[39m[31
m[1m^[22m[39m[31
m[1m^[22m[39m[31
m[1m^[22m[39m[31
m[1m^[22m[39m[31
m[1m^[22m[39m[31
m[1m^[22m[39m[31
m[1m^[22m[39m[31
m[1m^[22m[39m[31
m[1m^[22m[39m[31
m[1m^[22m[39m[31
m[1m^[22m[39m[31
m[1m^[22m[39m[31
m[1m^[22m[39m[31
m[1m^[22m[39m[31
m[1m^[22m[39m[31
m[1m^[22m[39m[31
m[1m^[22m[39m[31
m[1m^[22m[39m[31
m[1m^[22m[39m[31
m[1m^[22m[39m[31
m[1m^[22m[39m[31
m[1m^[22m[39m[31
m[1m^[22m[39m[31
m[1m^[22m[39m[31
m[1m^[22m[39m[31
m[1m^[22m[39m[31
m[1m^[22m[39m[31
m[1m^[22m[39m[31
m[1m^[22m[39m[31
m[1m^[22m[39m[31
m[1m^[22m[39m[31
m[1m^[22m[39m[31
m[1m^[22m[39m[31
m[1m^[22m[39m[31
m[1m^[22m[39m[31
m[1m^[22m[39m[31
m[1m^[22m[39m[31
m[1m^[22m[39m[31
m[1m^[22m[39m[31
m[1m^[22m[39m[31
m[1m^[22m[39m[31
m[1m^[22m[39m[31
m[1m^[22m[39m[31
m[1m^[22m[39m[31
m[1m^[22m[39m[31
m[1m^[22m[39m[31
m[1m^[22m[39m[31
m[1m^[22m[39m[31
m[1m^[22m[39m[31
m[1m^[22m[39m
 [90m 2 |[39m
 [90m 3 |[39m [36
mexport[39m [36mde
fault[39m [36masyn
c[39m [36mfunction
[39m [33mDetailPad
uanSuaraPage[39m({ 
params }[33m:[39m 
{ params[33m:[39m 
[33mPromise[39m[3
3m<[39m{ slug[33m:
[39m string }[33m>
[39m }) {
 [90m 4 |[39m     
[36mconst[39m { sl
ug } [33m=[39m [3
6mawait[39m params
[33m;[39m[0m

Import map: aliased 
to relative './compo
nents/template/templ
at_slug_halaman' ins
ide of [project]/


https://nextjs.org/d
ocs/messages/module-
not-found


./app/components/kes
iswaan/ekstrakurikul
er/Paskibraka/[slug]
/page.tsx:1:1
Module not found: Ca
n't resolve '@/compo
nents/template/templ
at_slug_halaman'
[0m[31m[1m>[22m
[39m[90m 1 |[39m 
[36mimport[39m [33
mTemplatSlugHalaman
[39m [36mfrom[39m 
[32m"@/components/t
emplate/templat_slug
_halaman"[39m[33m;
[39m
 [90m   |[39m [31
m[1m^[22m[39m[31
m[1m^[22m[39m[31
m[1m^[22m[39m[31
m[1m^[22m[39m[31
m[1m^[22m[39m[31
m[1m^[22m[39m[31
m[1m^[22m[39m[31
m[1m^[22m[39m[31
m[1m^[22m[39m[31
m[1m^[22m[39m[31
m[1m^[22m[39m[31
m[1m^[22m[39m[31
m[1m^[22m[39m[31
m[1m^[22m[39m[31
m[1m^[22m[39m[31
m[1m^[22m[39m[31
m[1m^[22m[39m[31
m[1m^[22m[39m[31
m[1m^[22m[39m[31
m[1m^[22m[39m[31
m[1m^[22m[39m[31
m[1m^[22m[39m[31
m[1m^[22m[39m[31
m[1m^[22m[39m[31
m[1m^[22m[39m[31
m[1m^[22m[39m[31
m[1m^[22m[39m[31
m[1m^[22m[39m[31
m[1m^[22m[39m[31
m[1m^[22m[39m[31
m[1m^[22m[39m[31
m[1m^[22m[39m[31
m[1m^[22m[39m[31
m[1m^[22m[39m[31
m[1m^[22m[39m[31
m[1m^[22m[39m[31
m[1m^[22m[39m[31
m[1m^[22m[39m[31
m[1m^[22m[39m[31
m[1m^[22m[39m[31
m[1m^[22m[39m[31
m[1m^[22m[39m[31
m[1m^[22m[39m[31
m[1m^[22m[39m[31
m[1m^[22m[39m[31
m[1m^[22m[39m[31
m[1m^[22m[39m[31
m[1m^[22m[39m[31
m[1m^[22m[39m[31
m[1m^[22m[39m[31
m[1m^[22m[39m[31
m[1m^[22m[39m[31
m[1m^[22m[39m[31
m[1m^[22m[39m[31
m[1m^[22m[39m[31
m[1m^[22m[39m[31
m[1m^[22m[39m[31
m[1m^[22m[39m[31
m[1m^[22m[39m[31
m[1m^[22m[39m[31
m[1m^[22m[39m[31
m[1m^[22m[39m[31
m[1m^[22m[39m[31
m[1m^[22m[39m[31
m[1m^[22m[39m[31
m[1m^[22m[39m[31
m[1m^[22m[39m[31
m[1m^[22m[39m[31
m[1m^[22m[39m[31
m[1m^[22m[39m[31
m[1m^[22m[39m[31
m[1m^[22m[39m[31
m[1m^[22m[39m[31
m[1m^[22m[39m[31
m[1m^[22m[39m[31
m[1m^[22m[39m
 [90m 2 |[39m
 [90m 3 |[39m [36
mexport[39m [36mde
fault[39m [36masyn
c[39m [36mfunction
[39m [33mDetailPas
kibrakaPage[39m({ p
arams }[33m:[39m {
 params[33m:[39m 
[33mPromise[39m[33
m<[39m{ slug[33m:
[39m string }[33m>
[39m }) {
 [90m 4 |[39m     
[36mconst[39m { sl
ug } [33m=[39m [3
6mawait[39m params
[33m;[39m[0m

Import map: aliased 
to relative './compo
nents/template/templ
at_slug_halaman' ins
ide of [project]/


https://nextjs.org/d
ocs/messages/module-
not-found


./app/components/kes
iswaan/ekstrakurikul
er/Pramuka/[slug]/pa
ge.tsx:1:1
Module not found: Ca
n't resolve '@/compo
nents/template/templ
at_slug_halaman'
[0m[31m[1m>[22m
[39m[90m 1 |[39m 
[36mimport[39m [33
mTemplatSlugHalaman
[39m [36mfrom[39m 
[32m"@/components/t
emplate/templat_slug
_halaman"[39m[33m;
[39m
 [90m   |[39m [31
m[1m^[22m[39m[31
m[1m^[22m[39m[31
m[1m^[22m[39m[31
m[1m^[22m[39m[31
m[1m^[22m[39m[31
m[1m^[22m[39m[31
m[1m^[22m[39m[31
m[1m^[22m[39m[31
m[1m^[22m[39m[31
m[1m^[22m[39m[31
m[1m^[22m[39m[31
m[1m^[22m[39m[31
m[1m^[22m[39m[31
m[1m^[22m[39m[31
m[1m^[22m[39m[31
m[1m^[22m[39m[31
m[1m^[22m[39m[31
m[1m^[22m[39m[31
m[1m^[22m[39m[31
m[1m^[22m[39m[31
m[1m^[22m[39m[31
m[1m^[22m[39m[31
m[1m^[22m[39m[31
m[1m^[22m[39m[31
m[1m^[22m[39m[31
m[1m^[22m[39m[31
m[1m^[22m[39m[31
m[1m^[22m[39m[31
m[1m^[22m[39m[31
m[1m^[22m[39m[31
m[1m^[22m[39m[31
m[1m^[22m[39m[31
m[1m^[22m[39m[31
m[1m^[22m[39m[31
m[1m^[22m[39m[31
m[1m^[22m[39m[31
m[1m^[22m[39m[31
m[1m^[22m[39m[31
m[1m^[22m[39m[31
m[1m^[22m[39m[31
m[1m^[22m[39m[31
m[1m^[22m[39m[31
m[1m^[22m[39m[31
m[1m^[22m[39m[31
m[1m^[22m[39m[31
m[1m^[22m[39m[31
m[1m^[22m[39m[31
m[1m^[22m[39m[31
m[1m^[22m[39m[31
m[1m^[22m[39m[31
m[1m^[22m[39m[31
m[1m^[22m[39m[31
m[1m^[22m[39m[31
m[1m^[22m[39m[31
m[1m^[22m[39m[31
m[1m^[22m[39m[31
m[1m^[22m[39m[31
m[1m^[22m[39m[31
m[1m^[22m[39m[31
m[1m^[22m[39m[31
m[1m^[22m[39m[31
m[1m^[22m[39m[31
m[1m^[22m[39m[31
m[1m^[22m[39m[31
m[1m^[22m[39m[31
m[1m^[22m[39m[31
m[1m^[22m[39m[31
m[1m^[22m[39m[31
m[1m^[22m[39m[31
m[1m^[22m[39m[31
m[1m^[22m[39m[31
m[1m^[22m[39m[31
m[1m^[22m[39m[31
m[1m^[22m[39m[31
m[1m^[22m[39m[31
m[1m^[22m[39m
 [90m 2 |[39m
 [90m 3 |[39m [36
mexport[39m [36mde
fault[39m [36masyn
c[39m [36mfunction
[39m [33mDetailPra
mukaPage[39m({ para
ms }[33m:[39m { pa
rams[33m:[39m [33
mPromise[39m[33m<
[39m{ slug[33m:[39
m string }[33m>[39
m }) {
 [90m 4 |[39m     
[36mconst[39m { sl
ug } [33m=[39m [3
6mawait[39m params
[33m;[39m[0m

Import map: aliased 
to relative './compo
nents/template/templ
at_slug_halaman' ins
ide of [project]/


https://nextjs.org/d
ocs/messages/module-
not-found


./app/components/kes
iswaan/ekstrakurikul
er/Sains_Club/[slug]
/page.tsx:1:1
Module not found: Ca
n't resolve '@/compo
nents/template/templ
at_slug_halaman'
[0m[31m[1m>[22m
[39m[90m 1 |[39m 
[36mimport[39m [33
mTemplatSlugHalaman
[39m [36mfrom[39m 
[32m"@/components/t
emplate/templat_slug
_halaman"[39m[33m;
[39m
 [90m   |[39m [31
m[1m^[22m[39m[31
m[1m^[22m[39m[31
m[1m^[22m[39m[31
m[1m^[22m[39m[31
m[1m^[22m[39m[31
m[1m^[22m[39m[31
m[1m^[22m[39m[31
m[1m^[22m[39m[31
m[1m^[22m[39m[31
m[1m^[22m[39m[31
m[1m^[22m[39m[31
m[1m^[22m[39m[31
m[1m^[22m[39m[31
m[1m^[22m[39m[31
m[1m^[22m[39m[31
m[1m^[22m[39m[31
m[1m^[22m[39m[31
m[1m^[22m[39m[31
m[1m^[22m[39m[31
m[1m^[22m[39m[31
m[1m^[22m[39m[31
m[1m^[22m[39m[31
m[1m^[22m[39m[31
m[1m^[22m[39m[31
m[1m^[22m[39m[31
m[1m^[22m[39m[31
m[1m^[22m[39m[31
m[1m^[22m[39m[31
m[1m^[22m[39m[31
m[1m^[22m[39m[31
m[1m^[22m[39m[31
m[1m^[22m[39m[31
m[1m^[22m[39m[31
m[1m^[22m[39m[31
m[1m^[22m[39m[31
m[1m^[22m[39m[31
m[1m^[22m[39m[31
m[1m^[22m[39m[31
m[1m^[22m[39m[31
m[1m^[22m[39m[31
m[1m^[22m[39m[31
m[1m^[22m[39m[31
m[1m^[22m[39m[31
m[1m^[22m[39m[31
m[1m^[22m[39m[31
m[1m^[22m[39m[31
m[1m^[22m[39m[31
m[1m^[22m[39m[31
m[1m^[22m[39m[31
m[1m^[22m[39m[31
m[1m^[22m[39m[31
m[1m^[22m[39m[31
m[1m^[22m[39m[31
m[1m^[22m[39m[31
m[1m^[22m[39m[31
m[1m^[22m[39m[31
m[1m^[22m[39m[31
m[1m^[22m[39m[31
m[1m^[22m[39m[31
m[1m^[22m[39m[31
m[1m^[22m[39m[31
m[1m^[22m[39m[31
m[1m^[22m[39m[31
m[1m^[22m[39m[31
m[1m^[22m[39m[31
m[1m^[22m[39m[31
m[1m^[22m[39m[31
m[1m^[22m[39m[31
m[1m^[22m[39m[31
m[1m^[22m[39m[31
m[1m^[22m[39m[31
m[1m^[22m[39m[31
m[1m^[22m[39m[31
m[1m^[22m[39m[31
m[1m^[22m[39m[31
m[1m^[22m[39m
 [90m 2 |[39m
 [90m 3 |[39m [36
mexport[39m [36mde
fault[39m [36masyn
c[39m [36mfunction
[39m [33mDetailSai
nsClubPage[39m({ pa
rams }[33m:[39m { 
params[33m:[39m [
33mPromise[39m[33m
<[39m{ slug[33m:[
39m string }[33m>[
39m }) {
 [90m 4 |[39m     
[36mconst[39m { sl
ug } [33m=[39m [3
6mawait[39m params
[33m;[39m[0m

Import map: aliased 
to relative './compo
nents/template/templ
at_slug_halaman' ins
ide of [project]/


https://nextjs.org/d
ocs/messages/module-
not-found


./app/components/kes
iswaan/ekstrakurikul
er/Seni_Tari/[slug]/
page.tsx:1:1
Module not found: Ca
n't resolve '@/compo
nents/template/templ
at_slug_halaman'
[0m[31m[1m>[22m
[39m[90m 1 |[39m 
[36mimport[39m [33
mTemplatSlugHalaman
[39m [36mfrom[39m 
[32m"@/components/t
emplate/templat_slug
_halaman"[39m[33m;
[39m
 [90m   |[39m [31
m[1m^[22m[39m[31
m[1m^[22m[39m[31
m[1m^[22m[39m[31
m[1m^[22m[39m[31
m[1m^[22m[39m[31
m[1m^[22m[39m[31
m[1m^[22m[39m[31
m[1m^[22m[39m[31
m[1m^[22m[39m[31
m[1m^[22m[39m[31
m[1m^[22m[39m[31
m[1m^[22m[39m[31
m[1m^[22m[39m[31
m[1m^[22m[39m[31
m[1m^[22m[39m[31
m[1m^[22m[39m[31
m[1m^[22m[39m[31
m[1m^[22m[39m[31
m[1m^[22m[39m[31
m[1m^[22m[39m[31
m[1m^[22m[39m[31
m[1m^[22m[39m[31
m[1m^[22m[39m[31
m[1m^[22m[39m[31
m[1m^[22m[39m[31
m[1m^[22m[39m[31
m[1m^[22m[39m[31
m[1m^[22m[39m[31
m[1m^[22m[39m[31
m[1m^[22m[39m[31
m[1m^[22m[39m[31
m[1m^[22m[39m[31
m[1m^[22m[39m[31
m[1m^[22m[39m[31
m[1m^[22m[39m[31
m[1m^[22m[39m[31
m[1m^[22m[39m[31
m[1m^[22m[39m[31
m[1m^[22m[39m[31
m[1m^[22m[39m[31
m[1m^[22m[39m[31
m[1m^[22m[39m[31
m[1m^[22m[39m[31
m[1m^[22m[39m[31
m[1m^[22m[39m[31
m[1m^[22m[39m[31
m[1m^[22m[39m[31
m[1m^[22m[39m[31
m[1m^[22m[39m[31
m[1m^[22m[39m[31
m[1m^[22m[39m[31
m[1m^[22m[39m[31
m[1m^[22m[39m[31
m[1m^[22m[39m[31
m[1m^[22m[39m[31
m[1m^[22m[39m[31
m[1m^[22m[39m[31
m[1m^[22m[39m[31
m[1m^[22m[39m[31
m[1m^[22m[39m[31
m[1m^[22m[39m[31
m[1m^[22m[39m[31
m[1m^[22m[39m[31
m[1m^[22m[39m[31
m[1m^[22m[39m[31
m[1m^[22m[39m[31
m[1m^[22m[39m[31
m[1m^[22m[39m[31
m[1m^[22m[39m[31
m[1m^[22m[39m[31
m[1m^[22m[39m[31
m[1m^[22m[39m[31
m[1m^[22m[39m[31
m[1m^[22m[39m[31
m[1m^[22m[39m[31
m[1m^[22m[39m
 [90m 2 |[39m
 [90m 3 |[39m [36
mexport[39m [36mde
fault[39m [36masyn
c[39m [36mfunction
[39m [33mDetailSen
iTariPage[39m({ par
ams }[33m:[39m { p
arams[33m:[39m [3
3mPromise[39m[33m<
[39m{ slug[33m:[3
9m string }[33m>[3
9m }) {
 [90m 4 |[39m     
[36mconst[39m { sl
ug } [33m=[39m [3
6mawait[39m params
[33m;[39m[0m

Import map: aliased 
to relative './compo
nents/template/templ
at_slug_halaman' ins
ide of [project]/


https://nextjs.org/d
ocs/messages/module-
not-found


./app/components/kes
iswaan/ekstrakurikul
er/Voli/[slug]/page.
tsx:1:1
Module not found: Ca
n't resolve '@/compo
nents/template/templ
at_slug_halaman'
[0m[31m[1m>[22m
[39m[90m 1 |[39m 
[36mimport[39m [33
mTemplatSlugHalaman
[39m [36mfrom[39m 
[32m"@/components/t
emplate/templat_slug
_halaman"[39m[33m;
[39m
 [90m   |[39m [31
m[1m^[22m[39m[31
m[1m^[22m[39m[31
m[1m^[22m[39m[31
m[1m^[22m[39m[31
m[1m^[22m[39m[31
m[1m^[22m[39m[31
m[1m^[22m[39m[31
m[1m^[22m[39m[31
m[1m^[22m[39m[31
m[1m^[22m[39m[31
m[1m^[22m[39m[31
m[1m^[22m[39m[31
m[1m^[22m[39m[31
m[1m^[22m[39m[31
m[1m^[22m[39m[31
m[1m^[22m[39m[31
m[1m^[22m[39m[31
m[1m^[22m[39m[31
m[1m^[22m[39m[31
m[1m^[22m[39m[31
m[1m^[22m[39m[31
m[1m^[22m[39m[31
m[1m^[22m[39m[31
m[1m^[22m[39m[31
m[1m^[22m[39m[31
m[1m^[22m[39m[31
m[1m^[22m[39m[31
m[1m^[22m[39m[31
m[1m^[22m[39m[31
m[1m^[22m[39m[31
m[1m^[22m[39m[31
m[1m^[22m[39m[31
m[1m^[22m[39m[31
m[1m^[22m[39m[31
m[1m^[22m[39m[31
m[1m^[22m[39m[31
m[1m^[22m[39m[31
m[1m^[22m[39m[31
m[1m^[22m[39m[31
m[1m^[22m[39m[31
m[1m^[22m[39m[31
m[1m^[22m[39m[31
m[1m^[22m[39m[31
m[1m^[22m[39m[31
m[1m^[22m[39m[31
m[1m^[22m[39m[31
m[1m^[22m[39m[31
m[1m^[22m[39m[31
m[1m^[22m[39m[31
m[1m^[22m[39m[31
m[1m^[22m[39m[31
m[1m^[22m[39m[31
m[1m^[22m[39m[31
m[1m^[22m[39m[31
m[1m^[22m[39m[31
m[1m^[22m[39m[31
m[1m^[22m[39m[31
m[1m^[22m[39m[31
m[1m^[22m[39m[31
m[1m^[22m[39m[31
m[1m^[22m[39m[31
m[1m^[22m[39m[31
m[1m^[22m[39m[31
m[1m^[22m[39m[31
m[1m^[22m[39m[31
m[1m^[22m[39m[31
m[1m^[22m[39m[31
m[1m^[22m[39m[31
m[1m^[22m[39m[31
m[1m^[22m[39m[31
m[1m^[22m[39m[31
m[1m^[22m[39m[31
m[1m^[22m[39m[31
m[1m^[22m[39m[31
m[1m^[22m[39m[31
m[1m^[22m[39m
 [90m 2 |[39m
 [90m 3 |[39m [36
mexport[39m [36mde
fault[39m [36masyn
c[39m [36mfunction
[39m [33mDetailVol
iPage[39m({ params 
}[33m:[39m { param
s[33m:[39m [33mPr
omise[39m[33m<[39
m{ slug[33m:[39m s
tring }[33m>[39m }
) {
 [90m 4 |[39m     
[36mconst[39m { sl
ug } [33m=[39m [3
6mawait[39m params
[33m;[39m[0m

Import map: aliased 
to relative './compo
nents/template/templ
at_slug_halaman' ins
ide of [project]/


https://nextjs.org/d
ocs/messages/module-
not-found


    at <unknown> (./
app/components/kesis
waan/ekstrakurikuler
/Basket/page.tsx:1:1
)
    at <unknown> (ht
tps://nextjs.org/doc
s/messages/module-no
t-found)
    at <unknown> (./
app/components/kesis
waan/ekstrakurikuler
/Jurnalistik/page.ts
x:1:1)
    at <unknown> (ht
tps://nextjs.org/doc
s/messages/module-no
t-found)
    at <unknown> (./
app/components/kesis
waan/ekstrakurikuler
/PMR/page.tsx:1:1)
    at <unknown> (ht
tps://nextjs.org/doc
s/messages/module-no
t-found)
    at <unknown> (./
app/components/kesis
waan/ekstrakurikuler
/Paduan_Suara/page.t
sx:1:1)
    at <unknown> (ht
tps://nextjs.org/doc
s/messages/module-no
t-found)
    at <unknown> (./
app/components/kesis
waan/ekstrakurikuler
/Paskibraka/page.tsx
:1:1)
    at <unknown> (ht
tps://nextjs.org/doc
s/messages/module-no
t-found)
    at <unknown> (./
app/components/kesis
waan/ekstrakurikuler
/Pramuka/page.tsx:1:
1)
    at <unknown> (ht
tps://nextjs.org/doc
s/messages/module-no
t-found)
    at <unknown> (./
app/components/kesis
waan/ekstrakurikuler
/Sains_Club/page.tsx
:1:1)
    at <unknown> (ht
tps://nextjs.org/doc
s/messages/module-no
t-found)
    at <unknown> (./
app/components/kesis
waan/ekstrakurikuler
/Seni_Tari/page.tsx:
1:1)
    at <unknown> (ht
tps://nextjs.org/doc
s/messages/module-no
t-found)
    at <unknown> (./
app/components/kesis
waan/ekstrakurikuler
/Voli/page.tsx:1:1)
    at <unknown> (ht
tps://nextjs.org/doc
s/messages/module-no
t-found)
    at <unknown> (./
app/components/kesis
waan/ekstrakurikuler
/Basket/[slug]/page.
tsx:1:1)
    at <unknown> (ht
tps://nextjs.org/doc
s/messages/module-no
t-found)
    at <unknown> (./
app/components/kesis
waan/ekstrakurikuler
/Jurnalistik/[slug]/
page.tsx:1:1)
    at <unknown> (ht
tps://nextjs.org/doc
s/messages/module-no
t-found)
    at <unknown> (./
app/components/kesis
waan/ekstrakurikuler
/PMR/[slug]/page.tsx
:1:1)
    at <unknown> (ht
tps://nextjs.org/doc
s/messages/module-no
t-found)
    at <unknown> (./
app/components/kesis
waan/ekstrakurikuler
/Paduan_Suara/[slug]
/page.tsx:1:1)
    at <unknown> (ht
tps://nextjs.org/doc
s/messages/module-no
t-found)
    at <unknown> (./
app/components/kesis
waan/ekstrakurikuler
/Paskibraka/[slug]/p
age.tsx:1:1)
    at <unknown> (ht
tps://nextjs.org/doc
s/messages/module-no
t-found)
    at <unknown> (./
app/components/kesis
waan/ekstrakurikuler
/Pramuka/[slug]/page
.tsx:1:1)
    at <unknown> (ht
tps://nextjs.org/doc
s/messages/module-no
t-found)
    at <unknown> (./
app/components/kesis
waan/ekstrakurikuler
/Sains_Club/[slug]/p
age.tsx:1:1)
    at <unknown> (ht
tps://nextjs.org/doc
s/messages/module-no
t-found)
    at <unknown> (./
app/components/kesis
waan/ekstrakurikuler
/Seni_Tari/[slug]/pa
ge.tsx:1:1)
    at <unknown> (ht
tps://nextjs.org/doc
s/messages/module-no
t-found)
    at <unknown> (./
app/components/kesis
waan/ekstrakurikuler
/Voli/[slug]/page.ts
x:1:1)
    at <unknown> (ht
tps://nextjs.org/doc
s/messages/module-no
t-found)
